// Jest Snapshot v1, https://goo.gl/fbAQLP

exports[`create a snapshot 1`] = `
<div
  className="App"
>
  <header
    className="App-header"
  >
    <img
      alt="logo"
      className="App-logo"
      src="logo.svg"
    />
    <p>
      Authors Haven App is live
    </p>
    <a
      className="App-link"
      href="/"
      onClick={[Function]}
    >
       Home 
    </a>
    <a
      className="App-link"
      href="/sample"
      onClick={[Function]}
    >
       sample 
    </a>
    <a
      className="App-link"
      href="/profile/user"
      onClick={[Function]}
    >
       profile 
    </a>
  </header>
  <div
    className="landing-page"
  >
    <h1>
      Welcome to the Thor-AH LandingPage
    </h1>
  </div>
  <footer
    className="App-footer"
  >
    <h1>
      This is the Footer
    </h1>
  </footer>
</div>
`;
