// Jest Snapshot v1, https://goo.gl/fbAQLP

exports[`create a snapshot 1`] = `
<div
  className="App"
>
  <header
    className="clear"
  >
    <div
      className="header_logo"
    >
      <a
        href="/"
        onClick={[Function]}
      >
        <img
          alt="logo"
          className="logo"
          src={Object {}}
        />
      </a>
    </div>
    <div
      className="header_category"
    >
      <div
        className="category"
        style={
          Object {
            "display": "none",
          }
        }
      >
        <ul>
          <li>
            <a
              href="/articles/categories/business"
              onClick={[Function]}
            >
              Business
            </a>
          </li>
          <li>
            <a
              href="/articles/categories/technology"
              onClick={[Function]}
            >
              Technology
            </a>
          </li>
          <li>
            <a
              href="/articles/categories/manufacturing"
              onClick={[Function]}
            >
              Manufacturing
            </a>
          </li>
          <li>
            <a
              href="/articles/categories/art"
              onClick={[Function]}
            >
              Art
            </a>
          </li>
          <li>
            <a
              href="/articles/categories/design"
              onClick={[Function]}
            >
              Design
            </a>
          </li>
          <li>
            <a
              href="/articles/categories/politics"
              onClick={[Function]}
            >
              Politics
            </a>
          </li>
        </ul>
      </div>
    </div>
    <div
      className="header_half"
    >
      <div
        className="search"
      >
        <form>
          <input
            className="search_input"
            placeholder="Search here"
            style={
              Object {
                "borderWidth": "0",
                "width": "0",
              }
            }
            type="text"
          />
          <button
            className="search_submit"
            onClick={[Function]}
            type="submit"
          >
            <svg
              fill="currentColor"
              height="1em"
              stroke="currentColor"
              strokeWidth="0"
              style={
                Object {
                  "color": undefined,
                }
              }
              viewBox="0 0 512 512"
              width="1em"
            >
              <path
                d="M505 442.7L405.3 343c-4.5-4.5-10.6-7-17-7H372c27.6-35.3 44-79.7 44-128C416 93.1 322.9 0 208 0S0 93.1 0 208s93.1 208 208 208c48.3 0 92.7-16.4 128-44v16.3c0 6.4 2.5 12.5 7 17l99.7 99.7c9.4 9.4 24.6 9.4 33.9 0l28.3-28.3c9.4-9.4 9.4-24.6.1-34zM208 336c-70.7 0-128-57.2-128-128 0-70.7 57.2-128 128-128 70.7 0 128 57.2 128 128 0 70.7-57.2 128-128 128z"
              />
            </svg>
          </button>
        </form>
      </div>
      <div
        className="links"
      >
        <ul>
          <li>
            <a
              href="/login"
              onClick={[Function]}
            >
              Login
            </a>
          </li>
          <li>
            <a
              href="/register"
              onClick={[Function]}
            >
              Register
            </a>
          </li>
        </ul>
        <button
          className="mobileMenuCtrl"
          onClick={[Function]}
          type="button"
        >
          <svg
            fill="currentColor"
            height="1em"
            stroke="currentColor"
            strokeWidth="0"
            style={
              Object {
                "color": undefined,
              }
            }
            viewBox="0 0 3 16"
            width="1em"
          >
            <path
              d="M0 2.5a1.5 1.5 0 1 0 3 0 1.5 1.5 0 0 0-3 0zm0 5a1.5 1.5 0 1 0 3 0 1.5 1.5 0 0 0-3 0zM1.5 14a1.5 1.5 0 1 1 0-3 1.5 1.5 0 0 1 0 3z"
              fillRule="evenodd"
            />
          </svg>
        </button>
      </div>
    </div>
  </header>
  <div
    className="home"
  >
    <div
      className="hero_featured"
    >
      <div
        className="sub_featured"
      >
        <div
          className="sub_featured__single"
        >
          <h2>
            <a
              href="/article/slug"
              onClick={[Function]}
            >
              The Molestation scandal that costed Bill Cosby his legacy and reputation
            </a>
          </h2>
          <p>
            BY MIKE TEESON
          </p>
        </div>
        <div
          className="sub_featured__single"
        >
          <h2>
            <a
              href="/article/slug"
              onClick={[Function]}
            >
              The Molestation scandal that costed Bill Cosby his legacy and reputation
            </a>
          </h2>
          <p>
            BY MIKE TEESON
          </p>
        </div>
        <div
          className="sub_featured__single"
        >
          <h2>
            <a
              href="/article/slug"
              onClick={[Function]}
            >
              The Molestation scandal that costed Bill Cosby his legacy and reputation
            </a>
          </h2>
          <p>
            BY MIKE TEESON
          </p>
        </div>
        <div
          className="sub_featured__single"
        >
          <h2>
            <a
              href="/article/slug"
              onClick={[Function]}
            >
              The Molestation scandal that costed Bill Cosby his legacy and reputation
            </a>
          </h2>
          <p>
            BY MIKE TEESON
          </p>
        </div>
      </div>
      <div
        className="main_featured"
      >
        <img
          alt="title"
          className=""
          src={Object {}}
        />
        <div
          className="main_featured__details"
        >
          <div>
            <a
              href="/article/slug"
              onClick={[Function]}
            >
              Top 10 tips for improving your writing skills and increasing your readership
            </a>
            <p>
              BY JOHN DOE
            </p>
          </div>
        </div>
      </div>
    </div>
    <div
      className="homeArticles"
    >
      <div
        className="homeTab"
      >
        <ul>
          <li
            className="active"
          >
            <button
              data-tab="featured"
              onClick={[Function]}
              type="button"
            >
              Featured Articles
            </button>
          </li>
          <li
            className=""
          >
            <button
              data-tab="collections"
              onClick={[Function]}
              type="button"
            >
              Collections
            </button>
          </li>
          <li
            className=""
          >
            <button
              data-tab="recommended"
              onClick={[Function]}
              type="button"
            >
              Most Recommended
            </button>
          </li>
        </ul>
      </div>
      <div
        className="articles"
      >
        <div
          className="active"
          data-content="featured"
        >
          <div
            className="article"
          >
            <div
              className="thumbnail"
            >
              <img
                alt="This Article talks about some Tall Buildings And City Night Life"
                src={Object {}}
              />
            </div>
            <div
              className="content"
            >
              <h4>
                <a
                  href="/articles/this-is-slug"
                  onClick={[Function]}
                >
                  This Article talks about some Tall Buildings And City Night Life
                </a>
              </h4>
              <p>
                It is a long established fact that a reader will be distracted by the readable content of a page when looking at its layout.
              </p>
            </div>
            <div
              className="details"
            >
              <p
                className="author"
              >
                John Doe
              </p>
              <ul>
                <li>
                  4th, Oct
                </li>
                <li>
                  2 mins Read
                </li>
              </ul>
            </div>
          </div>
          <div
            className="article"
          >
            <div
              className="thumbnail"
            >
              <img
                alt="This Article talks about some Tall Buildings And City Night Life"
                src={Object {}}
              />
            </div>
            <div
              className="content"
            >
              <h4>
                <a
                  href="/articles/this-is-slug"
                  onClick={[Function]}
                >
                  This Article talks about some Tall Buildings And City Night Life
                </a>
              </h4>
              <p>
                It is a long established fact that a reader will be distracted by the readable content of a page when looking at its layout.
              </p>
            </div>
            <div
              className="details"
            >
              <p
                className="author"
              >
                John Doe
              </p>
              <ul>
                <li>
                  4th, Oct
                </li>
                <li>
                  2 mins Read
                </li>
              </ul>
            </div>
          </div>
          <div
            className="article"
          >
            <div
              className="thumbnail"
            >
              <img
                alt="This Article talks about some Tall Buildings And City Night Life"
                src={Object {}}
              />
            </div>
            <div
              className="content"
            >
              <h4>
                <a
                  href="/articles/this-is-slug"
                  onClick={[Function]}
                >
                  This Article talks about some Tall Buildings And City Night Life
                </a>
              </h4>
              <p>
                It is a long established fact that a reader will be distracted by the readable content of a page when looking at its layout.
              </p>
            </div>
            <div
              className="details"
            >
              <p
                className="author"
              >
                John Doe
              </p>
              <ul>
                <li>
                  4th, Oct
                </li>
                <li>
                  2 mins Read
                </li>
              </ul>
            </div>
          </div>
          <div
            className="article"
          >
            <div
              className="thumbnail"
            >
              <img
                alt="This Article talks about some Tall Buildings And City Night Life"
                src={Object {}}
              />
            </div>
            <div
              className="content"
            >
              <h4>
                <a
                  href="/articles/this-is-slug"
                  onClick={[Function]}
                >
                  This Article talks about some Tall Buildings And City Night Life
                </a>
              </h4>
              <p>
                It is a long established fact that a reader will be distracted by the readable content of a page when looking at its layout.
              </p>
            </div>
            <div
              className="details"
            >
              <p
                className="author"
              >
                John Doe
              </p>
              <ul>
                <li>
                  4th, Oct
                </li>
                <li>
                  2 mins Read
                </li>
              </ul>
            </div>
          </div>
          <div
            className="article"
          >
            <div
              className="thumbnail"
            >
              <img
                alt="This Article talks about some Tall Buildings And City Night Life"
                src={Object {}}
              />
            </div>
            <div
              className="content"
            >
              <h4>
                <a
                  href="/articles/this-is-slug"
                  onClick={[Function]}
                >
                  This Article talks about some Tall Buildings And City Night Life
                </a>
              </h4>
              <p>
                It is a long established fact that a reader will be distracted by the readable content of a page when looking at its layout.
              </p>
            </div>
            <div
              className="details"
            >
              <p
                className="author"
              >
                John Doe
              </p>
              <ul>
                <li>
                  4th, Oct
                </li>
                <li>
                  2 mins Read
                </li>
              </ul>
            </div>
          </div>
          <div
            className="article"
          >
            <div
              className="thumbnail"
            >
              <img
                alt="This Article talks about some Tall Buildings And City Night Life"
                src={Object {}}
              />
            </div>
            <div
              className="content"
            >
              <h4>
                <a
                  href="/articles/this-is-slug"
                  onClick={[Function]}
                >
                  This Article talks about some Tall Buildings And City Night Life
                </a>
              </h4>
              <p>
                It is a long established fact that a reader will be distracted by the readable content of a page when looking at its layout.
              </p>
            </div>
            <div
              className="details"
            >
              <p
                className="author"
              >
                John Doe
              </p>
              <ul>
                <li>
                  4th, Oct
                </li>
                <li>
                  2 mins Read
                </li>
              </ul>
            </div>
          </div>
        </div>
        <div
          className=""
          data-content="collections"
        >
          <h1>
            Collections
          </h1>
        </div>
        <div
          className=""
          data-content="recommended"
        >
          <h1>
            Recommended
          </h1>
        </div>
      </div>
      <div
        className="pagination"
      >
        <ul
          className="clear"
        >
          <li
            className="dir"
          >
            <span>
              <svg
                fill="none"
                height="1em"
                stroke="currentColor"
                strokeLinecap="round"
                strokeLinejoin="round"
                strokeWidth="2"
                style={
                  Object {
                    "color": undefined,
                  }
                }
                viewBox="0 0 24 24"
                width="1em"
              >
                <polyline
                  points="15 18 9 12 15 6"
                />
              </svg>
            </span>
          </li>
          <li>
            <span>
              1
            </span>
          </li>
          <li
            className="active"
          >
            <span>
              2
            </span>
          </li>
          <li>
            <span>
              3
            </span>
          </li>
          <li
            className="dir"
          >
            <span>
              <svg
                fill="none"
                height="1em"
                stroke="currentColor"
                strokeLinecap="round"
                strokeLinejoin="round"
                strokeWidth="2"
                style={
                  Object {
                    "color": undefined,
                  }
                }
                viewBox="0 0 24 24"
                width="1em"
              >
                <polyline
                  points="9 18 15 12 9 6"
                />
              </svg>
            </span>
          </li>
        </ul>
      </div>
    </div>
  </div>
  <footer
    className="clear"
  >
    <div
      className="links"
    >
      <ul>
        <li>
          <a
            href="/"
            onClick={[Function]}
          >
            Home
          </a>
        </li>
        <li>
          <a
            href="/about"
            onClick={[Function]}
          >
            About
          </a>
        </li>
        <li>
          <a
            href="/contact"
            onClick={[Function]}
          >
            Contact
          </a>
        </li>
      </ul>
    </div>
    <div
      className="copyright"
    >
      <p>
        © 2018 
        <a
          href="/"
          onClick={[Function]}
        >
          Thor-AH
        </a>
        . All rights reserved.
      </p>
    </div>
  </footer>
</div>
`;
