// Jest Snapshot v1, https://goo.gl/fbAQLP

exports[`Articles Pagination create a snapshot 1`] = `
<div
  className="pagination"
>
  <ul
    className="clear"
  >
    <li
      className="dir"
    >
      <span>
        <svg
          fill="none"
          height="1em"
          stroke="currentColor"
          strokeLinecap="round"
          strokeLinejoin="round"
          strokeWidth="2"
          style={
            Object {
              "color": undefined,
            }
          }
          viewBox="0 0 24 24"
          width="1em"
        >
          <polyline
            points="15 18 9 12 15 6"
          />
        </svg>
      </span>
    </li>
    <li>
      <span>
        1
      </span>
    </li>
    <li
      className="active"
    >
      <span>
        2
      </span>
    </li>
    <li>
      <span>
        3
      </span>
    </li>
    <li
      className="dir"
    >
      <span>
        <svg
          fill="none"
          height="1em"
          stroke="currentColor"
          strokeLinecap="round"
          strokeLinejoin="round"
          strokeWidth="2"
          style={
            Object {
              "color": undefined,
            }
          }
          viewBox="0 0 24 24"
          width="1em"
        >
          <polyline
            points="9 18 15 12 9 6"
          />
        </svg>
      </span>
    </li>
  </ul>
</div>
`;

exports[`create a snapshot 1`] = `
<div
  className="pagination"
>
  <ul
    className="clear"
  >
    <li
      className="dir"
    >
      <span>
        <svg
          fill="none"
          height="1em"
          stroke="currentColor"
          strokeLinecap="round"
          strokeLinejoin="round"
          strokeWidth="2"
          style={
            Object {
              "color": undefined,
            }
          }
          viewBox="0 0 24 24"
          width="1em"
        >
          <polyline
            points="15 18 9 12 15 6"
          />
        </svg>
      </span>
    </li>
    <li>
      <span>
        1
      </span>
    </li>
    <li
      className="active"
    >
      <span>
        2
      </span>
    </li>
    <li>
      <span>
        3
      </span>
    </li>
    <li
      className="dir"
    >
      <span>
        <svg
          fill="none"
          height="1em"
          stroke="currentColor"
          strokeLinecap="round"
          strokeLinejoin="round"
          strokeWidth="2"
          style={
            Object {
              "color": undefined,
            }
          }
          viewBox="0 0 24 24"
          width="1em"
        >
          <polyline
            points="9 18 15 12 9 6"
          />
        </svg>
      </span>
    </li>
  </ul>
</div>
`;
